2025-08-28 17:14:21,951 - MeTTaMonitor - INFO - MeTTa monitoring system shut down
2025-08-28 17:14:40,249 - MeTTaMonitor - INFO - MeTTa monitoring system shut down
2025-08-28 17:14:54,672 - MeTTaMonitor - INFO - MeTTa monitoring system shut down
2025-08-28 17:15:14,343 - MeTTaMonitor - INFO - MeTTa monitoring system shut down
2025-08-28 17:17:20,452 - MeTTaMonitor - INFO - MeTTa monitoring system shut down
2025-08-28 17:17:37,615 - MeTTaMonitor - INFO - Operation 'test_monitored_operation' completed successfully in 0.101s
2025-08-28 17:17:42,638 - MeTTaMonitor - INFO - MeTTa monitoring system shut down
2025-08-28 17:18:12,453 - MeTTaMonitor - INFO - MeTTa monitoring system shut down
2025-08-28 17:18:44,651 - MeTTaMonitor - INFO - Operation 'test_monitored_operation' completed successfully in 0.100s
2025-08-28 17:18:49,668 - MeTTaMonitor - INFO - MeTTa monitoring system shut down
2025-08-28 17:21:06,970 - MeTTaMonitor - INFO - MeTTa monitoring system shut down
2025-08-28 17:23:41,978 - MeTTaMonitor - WARNING - Health alert: CPU usage is 96.0%
2025-08-28 17:24:08,093 - MeTTaMonitor - INFO - Operation 'test_monitored_operation' completed successfully in 0.101s
2025-08-28 17:24:18,878 - MeTTaMonitor - INFO - MeTTa monitoring system shut down
2025-08-28 17:24:43,025 - MeTTaMonitor - WARNING - Health alert: CPU usage is 97.0%
2025-08-28 17:25:18,302 - MeTTaMonitor - INFO - Operation 'test_monitored_operation' completed successfully in 0.101s
2025-08-28 17:25:30,183 - MeTTaMonitor - INFO - MeTTa monitoring system shut down
2025-08-28 17:27:09,617 - MeTTaMonitor - INFO - Operation 'test_monitored_operation' completed successfully in 0.106s
2025-08-28 17:27:16,189 - MeTTaMonitor - INFO - MeTTa monitoring system shut down
2025-08-28 17:27:54,852 - MeTTaMonitor - INFO - Operation 'test_monitored_operation' completed successfully in 0.101s
2025-08-28 17:28:03,952 - MeTTaMonitor - INFO - MeTTa monitoring system shut down
2025-08-28 17:28:37,044 - MeTTaMonitor - INFO - Operation 'test_monitored_operation' completed successfully in 0.101s
2025-08-28 17:28:46,260 - MeTTaMonitor - INFO - MeTTa monitoring system shut down
2025-08-28 17:29:07,081 - MeTTaMonitor - INFO - Operation 'test_monitored_operation' completed successfully in 0.101s
2025-08-28 17:29:16,451 - MeTTaMonitor - INFO - MeTTa monitoring system shut down
2025-08-28 17:31:04,802 - MeTTaMonitor - INFO - Operation 'test_monitored_operation' completed successfully in 0.100s
2025-08-28 17:31:14,139 - MeTTaMonitor - INFO - MeTTa monitoring system shut down
2025-08-28 17:31:44,782 - MeTTaMonitor - INFO - Operation 'test_monitored_operation' completed successfully in 0.101s
2025-08-28 17:32:02,291 - MeTTaMonitor - INFO - MeTTa monitoring system shut down
2025-08-28 17:32:21,784 - MeTTaMonitor - WARNING - Health alert: CPU usage is 100.0%
2025-08-28 17:32:31,819 - MeTTaMonitor - INFO - Operation 'test_monitored_operation' completed successfully in 0.141s
2025-08-28 17:32:49,983 - MeTTaMonitor - INFO - MeTTa monitoring system shut down
2025-08-28 17:33:29,665 - MeTTaMonitor - WARNING - Health alert: CPU usage is 99.7%
2025-08-28 17:33:44,960 - MeTTaMonitor - INFO - Operation 'test_monitored_operation' completed successfully in 0.129s
2025-08-28 17:34:01,383 - MeTTaMonitor - INFO - MeTTa monitoring system shut down
2025-08-28 17:34:38,659 - MeTTaMonitor - WARNING - Health alert: CPU usage is 100.0%
2025-08-28 17:34:52,500 - MeTTaMonitor - INFO - MeTTa monitoring system shut down
2025-08-28 17:36:29,319 - MeTTaMonitor - WARNING - Health alert: CPU usage is 100.0%
2025-08-28 17:36:40,766 - MeTTaMonitor - INFO - MeTTa monitoring system shut down
2025-08-28 17:37:26,132 - MeTTaMonitor - INFO - Operation 'validate_contribution' completed successfully in 0.106s
2025-08-28 17:37:26,132 - MeTTaMonitor - INFO - Operation 'calculate_contribution_confidence' completed successfully in 0.000s
2025-08-28 17:37:33,561 - MeTTaMonitor - INFO - MeTTa monitoring system shut down
2025-08-28 17:37:45,248 - MeTTaMonitor - INFO - Operation 'validate_contribution' completed successfully in 0.002s
2025-08-28 17:37:45,248 - MeTTaMonitor - INFO - Operation 'calculate_contribution_confidence' completed successfully in 0.000s
2025-08-28 17:37:51,561 - MeTTaMonitor - INFO - MeTTa monitoring system shut down
